

OPEN@2022-04-28 19:34:22:

@2022-04-28 19:34:22----------------------------------------
websocket server started!
http server started!
ready

@2022-04-28 19:34:25----------------------------------------
request path: